CoreOS Crash Report
==================================================
Time: 2026-09-12 15:31:28
Context: Package: Python3
Error Type: NotADirectoryError
Error Message: [WinError 267] The directory name is invalid

Stack Trace:
--------------------------------------------------
Traceback (most recent call last):
  File "E:\Coding\CoreOS\CoreOS\Command.py", line 348, in run_python_tool
    result = subprocess.run(
        [*executable, *args],
        cwd=self.cwd,
        env=self.build_script_environment(),
    )
  File "C:\Program Files\Python313\Lib\subprocess.py", line 554, in run
    with Popen(*popenargs, **kwargs) as process:
         ~~~~~^^^^^^^^^^^^^^^^^^^^^^
  File "C:\Program Files\Python313\Lib\subprocess.py", line 1039, in __init__
    self._execute_child(args, executable, preexec_fn, close_fds,
    ~~~~~~~~~~~~~~~~~~~^^^^^^^^^^^^^^^^^^^^^^^^^^^^^^^^^^^^^^^^^
                        pass_fds, cwd, env,
                        ^^^^^^^^^^^^^^^^^^^
    ...<5 lines>...
                        gid, gids, uid, umask,
                        ^^^^^^^^^^^^^^^^^^^^^^
                        start_new_session, process_group)
                        ^^^^^^^^^^^^^^^^^^^^^^^^^^^^^^^^^
  File "C:\Program Files\Python313\Lib\subprocess.py", line 1554, in _execute_child
    hp, ht, pid, tid = _winapi.CreateProcess(executable, args,
                       ~~~~~~~~~~~~~~~~~~~~~^^^^^^^^^^^^^^^^^^
                             # no special security
                             ^^^^^^^^^^^^^^^^^^^^^
    ...<4 lines>...
                             cwd,
                             ^^^^
                             startupinfo)
                             ^^^^^^^^^^^^
NotADirectoryError: [WinError 267] The directory name is invalid
--------------------------------------------------
